Archive member included because of file (symbol)

c:/winavr-20100110/bin/../lib/gcc/avr/4.3.3/avr5\libgcc.a(_exit.o)
                              c:/winavr-20100110/bin/../lib/gcc/avr/4.3.3/../../../../avr/lib/avr5/crtm16.o (exit)
c:/winavr-20100110/bin/../lib/gcc/avr/4.3.3/avr5\libgcc.a(_copy_data.o)
                              ./APP/app.o (__do_copy_data)
c:/winavr-20100110/bin/../lib/gcc/avr/4.3.3/avr5\libgcc.a(_clear_bss.o)
                              ./MCAL/Timer_Driver/Timer.o (__do_clear_bss)

Allocating common symbols
Common symbol       size              file

prev_led            0x1               ./APP/app.o

Memory Configuration

Name             Origin             Length             Attributes
text             0x00000000         0x00020000         xr
data             0x00800060         0x0000ffa0         rw !x
eeprom           0x00810000         0x00010000         rw !x
fuse             0x00820000         0x00000400         rw !x
lock             0x00830000         0x00000400         rw !x
signature        0x00840000         0x00000400         rw !x
*default*        0x00000000         0xffffffff

Linker script and memory map

LOAD c:/winavr-20100110/bin/../lib/gcc/avr/4.3.3/../../../../avr/lib/avr5/crtm16.o
LOAD ./MCAL/Timer_Driver/Timer.o
LOAD ./MCAL/Interrupt_Driver/Interrupt.o
LOAD ./MCAL/GPIO_Driver/gpio.o
LOAD ./ECUAL/Led_Driver/Led.o
LOAD ./ECUAL/Button_driver/button.o
LOAD ./APP/app.o
LOAD ./main.o
LOAD c:/winavr-20100110/bin/../lib/gcc/avr/4.3.3/avr5\libgcc.a
LOAD c:/winavr-20100110/bin/../lib/gcc/avr/4.3.3/../../../../avr/lib/avr5\libc.a
LOAD c:/winavr-20100110/bin/../lib/gcc/avr/4.3.3/avr5\libgcc.a

.hash
 *(.hash)

.dynsym
 *(.dynsym)

.dynstr
 *(.dynstr)

.gnu.version
 *(.gnu.version)

.gnu.version_d
 *(.gnu.version_d)

.gnu.version_r
 *(.gnu.version_r)

.rel.init
 *(.rel.init)

.rela.init
 *(.rela.init)

.rel.text
 *(.rel.text)
 *(.rel.text.*)
 *(.rel.gnu.linkonce.t*)

.rela.text
 *(.rela.text)
 *(.rela.text.*)
 *(.rela.gnu.linkonce.t*)

.rel.fini
 *(.rel.fini)

.rela.fini
 *(.rela.fini)

.rel.rodata
 *(.rel.rodata)
 *(.rel.rodata.*)
 *(.rel.gnu.linkonce.r*)

.rela.rodata
 *(.rela.rodata)
 *(.rela.rodata.*)
 *(.rela.gnu.linkonce.r*)

.rel.data
 *(.rel.data)
 *(.rel.data.*)
 *(.rel.gnu.linkonce.d*)

.rela.data
 *(.rela.data)
 *(.rela.data.*)
 *(.rela.gnu.linkonce.d*)

.rel.ctors
 *(.rel.ctors)

.rela.ctors
 *(.rela.ctors)

.rel.dtors
 *(.rel.dtors)

.rela.dtors
 *(.rela.dtors)

.rel.got
 *(.rel.got)

.rela.got
 *(.rela.got)

.rel.bss
 *(.rel.bss)

.rela.bss
 *(.rela.bss)

.rel.plt
 *(.rel.plt)

.rela.plt
 *(.rela.plt)

.text           0x00000000      0xd72
 *(.vectors)
 .vectors       0x00000000       0x54 c:/winavr-20100110/bin/../lib/gcc/avr/4.3.3/../../../../avr/lib/avr5/crtm16.o
                0x00000000                __vectors
                0x00000000                __vector_default
 *(.vectors)
 *(.progmem.gcc*)
 *(.progmem*)
                0x00000054                . = ALIGN (0x2)
                0x00000054                __trampolines_start = .
 *(.trampolines)
 .trampolines   0x00000054        0x0 linker stubs
 *(.trampolines*)
                0x00000054                __trampolines_end = .
 *(.jumptables)
 *(.jumptables*)
 *(.lowtext)
 *(.lowtext*)
                0x00000054                __ctors_start = .
 *(.ctors)
                0x00000054                __ctors_end = .
                0x00000054                __dtors_start = .
 *(.dtors)
                0x00000054                __dtors_end = .
 SORT(*)(.ctors)
 SORT(*)(.dtors)
 *(.init0)
 .init0         0x00000054        0x0 c:/winavr-20100110/bin/../lib/gcc/avr/4.3.3/../../../../avr/lib/avr5/crtm16.o
                0x00000054                __init
 *(.init0)
 *(.init1)
 *(.init1)
 *(.init2)
 .init2         0x00000054        0xc c:/winavr-20100110/bin/../lib/gcc/avr/4.3.3/../../../../avr/lib/avr5/crtm16.o
 *(.init2)
 *(.init3)
 *(.init3)
 *(.init4)
 .init4         0x00000060       0x16 c:/winavr-20100110/bin/../lib/gcc/avr/4.3.3/avr5\libgcc.a(_copy_data.o)
                0x00000060                __do_copy_data
 .init4         0x00000076       0x10 c:/winavr-20100110/bin/../lib/gcc/avr/4.3.3/avr5\libgcc.a(_clear_bss.o)
                0x00000076                __do_clear_bss
 *(.init4)
 *(.init5)
 *(.init5)
 *(.init6)
 *(.init6)
 *(.init7)
 *(.init7)
 *(.init8)
 *(.init8)
 *(.init9)
 .init9         0x00000086        0x8 c:/winavr-20100110/bin/../lib/gcc/avr/4.3.3/../../../../avr/lib/avr5/crtm16.o
 *(.init9)
 *(.text)
 .text          0x0000008e        0x4 c:/winavr-20100110/bin/../lib/gcc/avr/4.3.3/../../../../avr/lib/avr5/crtm16.o
                0x0000008e                __vector_12
                0x0000008e                __bad_interrupt
                0x0000008e                __vector_6
                0x0000008e                __vector_3
                0x0000008e                __vector_11
                0x0000008e                __vector_13
                0x0000008e                __vector_17
                0x0000008e                __vector_19
                0x0000008e                __vector_7
                0x0000008e                __vector_5
                0x0000008e                __vector_4
                0x0000008e                __vector_9
                0x0000008e                __vector_2
                0x0000008e                __vector_15
                0x0000008e                __vector_8
                0x0000008e                __vector_14
                0x0000008e                __vector_10
                0x0000008e                __vector_16
                0x0000008e                __vector_18
                0x0000008e                __vector_20
 .text          0x00000092        0x0 ./MCAL/Timer_Driver/Timer.o
 .text          0x00000092        0x0 ./MCAL/Interrupt_Driver/Interrupt.o
 .text          0x00000092        0x0 ./MCAL/GPIO_Driver/gpio.o
 .text          0x00000092        0x0 ./ECUAL/Led_Driver/Led.o
 .text          0x00000092        0x0 ./ECUAL/Button_driver/button.o
 .text          0x00000092        0x0 ./APP/app.o
 .text          0x00000092        0x0 ./main.o
 .text          0x00000092        0x0 c:/winavr-20100110/bin/../lib/gcc/avr/4.3.3/avr5\libgcc.a(_exit.o)
 .text          0x00000092        0x0 c:/winavr-20100110/bin/../lib/gcc/avr/4.3.3/avr5\libgcc.a(_copy_data.o)
 .text          0x00000092        0x0 c:/winavr-20100110/bin/../lib/gcc/avr/4.3.3/avr5\libgcc.a(_clear_bss.o)
                0x00000092                . = ALIGN (0x2)
 *(.text.*)
 .text.Timer0_Init
                0x00000092       0x1c ./MCAL/Timer_Driver/Timer.o
                0x00000092                Timer0_Init
 .text.Timer0_Start
                0x000000ae       0x16 ./MCAL/Timer_Driver/Timer.o
                0x000000ae                Timer0_Start
 .text.Timer0_Stop
                0x000000c4       0x14 ./MCAL/Timer_Driver/Timer.o
                0x000000c4                Timer0_Stop
 .text.Timer0_Delay_InSeconds
                0x000000d8       0x70 ./MCAL/Timer_Driver/Timer.o
                0x000000d8                Timer0_Delay_InSeconds
 .text.INT0_Init
                0x00000148       0x38 ./MCAL/Interrupt_Driver/Interrupt.o
                0x00000148                INT0_Init
 .text.GPIO_Init
                0x00000180      0x1de ./MCAL/GPIO_Driver/gpio.o
                0x00000180                GPIO_Init
 .text.GPIO_writePin
                0x0000035e      0x1de ./MCAL/GPIO_Driver/gpio.o
                0x0000035e                GPIO_writePin
 .text.GPIO_readPin
                0x0000053c      0x166 ./MCAL/GPIO_Driver/gpio.o
                0x0000053c                GPIO_readPin
 .text.GPIO_togglePin
                0x000006a2      0x114 ./MCAL/GPIO_Driver/gpio.o
                0x000006a2                GPIO_togglePin
 .text.LED_Init
                0x000007b6       0x2a ./ECUAL/Led_Driver/Led.o
                0x000007b6                LED_Init
 .text.LED_ON   0x000007e0       0x2a ./ECUAL/Led_Driver/Led.o
                0x000007e0                LED_ON
 .text.LED_OFF  0x0000080a       0x2a ./ECUAL/Led_Driver/Led.o
                0x0000080a                LED_OFF
 .text.LED_Toggle
                0x00000834       0x28 ./ECUAL/Led_Driver/Led.o
                0x00000834                LED_Toggle
 .text.Button_Init
                0x0000085c       0x2a ./ECUAL/Button_driver/button.o
                0x0000085c                Button_Init
 .text.Button_Read
                0x00000886       0x9c ./ECUAL/Button_driver/button.o
                0x00000886                Button_Read
 .text.App_Init
                0x00000922       0x4e ./APP/app.o
                0x00000922                App_Init
 .text.App_Start
                0x00000970      0x3c8 ./APP/app.o
                0x00000970                App_Start
 .text.__vector_1
                0x00000d38       0x24 ./APP/app.o
                0x00000d38                __vector_1
 .text.main     0x00000d5c       0x12 ./main.o
                0x00000d5c                main
 .text.libgcc   0x00000d6e        0x0 c:/winavr-20100110/bin/../lib/gcc/avr/4.3.3/avr5\libgcc.a(_exit.o)
 .text.libgcc   0x00000d6e        0x0 c:/winavr-20100110/bin/../lib/gcc/avr/4.3.3/avr5\libgcc.a(_copy_data.o)
 .text.libgcc   0x00000d6e        0x0 c:/winavr-20100110/bin/../lib/gcc/avr/4.3.3/avr5\libgcc.a(_clear_bss.o)
                0x00000d6e                . = ALIGN (0x2)
 *(.fini9)
 .fini9         0x00000d6e        0x0 c:/winavr-20100110/bin/../lib/gcc/avr/4.3.3/avr5\libgcc.a(_exit.o)
                0x00000d6e                exit
                0x00000d6e                _exit
 *(.fini9)
 *(.fini8)
 *(.fini8)
 *(.fini7)
 *(.fini7)
 *(.fini6)
 *(.fini6)
 *(.fini5)
 *(.fini5)
 *(.fini4)
 *(.fini4)
 *(.fini3)
 *(.fini3)
 *(.fini2)
 *(.fini2)
 *(.fini1)
 *(.fini1)
 *(.fini0)
 .fini0         0x00000d6e        0x4 c:/winavr-20100110/bin/../lib/gcc/avr/4.3.3/avr5\libgcc.a(_exit.o)
 *(.fini0)
                0x00000d72                _etext = .

.data           0x00800060        0x2 load address 0x00000d72
                0x00800060                PROVIDE (__data_start, .)
 *(.data)
 .data          0x00800060        0x0 c:/winavr-20100110/bin/../lib/gcc/avr/4.3.3/../../../../avr/lib/avr5/crtm16.o
 .data          0x00800060        0x0 ./MCAL/Timer_Driver/Timer.o
 .data          0x00800060        0x0 ./MCAL/Interrupt_Driver/Interrupt.o
 .data          0x00800060        0x0 ./MCAL/GPIO_Driver/gpio.o
 .data          0x00800060        0x0 ./ECUAL/Led_Driver/Led.o
 .data          0x00800060        0x0 ./ECUAL/Button_driver/button.o
 .data          0x00800060        0x0 ./APP/app.o
 .data          0x00800060        0x0 ./main.o
 .data          0x00800060        0x0 c:/winavr-20100110/bin/../lib/gcc/avr/4.3.3/avr5\libgcc.a(_exit.o)
 .data          0x00800060        0x0 c:/winavr-20100110/bin/../lib/gcc/avr/4.3.3/avr5\libgcc.a(_copy_data.o)
 .data          0x00800060        0x0 c:/winavr-20100110/bin/../lib/gcc/avr/4.3.3/avr5\libgcc.a(_clear_bss.o)
 *(.data*)
 .data.normal_mode
                0x00800060        0x1 ./APP/app.o
                0x00800060                normal_mode
 *(.rodata)
 *(.rodata*)
 *(.gnu.linkonce.d*)
                0x00800062                . = ALIGN (0x2)
 *fill*         0x00800061        0x1 00
                0x00800062                _edata = .
                0x00800062                PROVIDE (__data_end, .)

.bss            0x00800062        0x2
                0x00800062                PROVIDE (__bss_start, .)
 *(.bss)
 .bss           0x00800062        0x0 c:/winavr-20100110/bin/../lib/gcc/avr/4.3.3/../../../../avr/lib/avr5/crtm16.o
 .bss           0x00800062        0x0 ./MCAL/Timer_Driver/Timer.o
 .bss           0x00800062        0x0 ./MCAL/Interrupt_Driver/Interrupt.o
 .bss           0x00800062        0x0 ./MCAL/GPIO_Driver/gpio.o
 .bss           0x00800062        0x0 ./ECUAL/Led_Driver/Led.o
 .bss           0x00800062        0x0 ./ECUAL/Button_driver/button.o
 .bss           0x00800062        0x0 ./APP/app.o
 .bss           0x00800062        0x0 ./main.o
 .bss           0x00800062        0x0 c:/winavr-20100110/bin/../lib/gcc/avr/4.3.3/avr5\libgcc.a(_exit.o)
 .bss           0x00800062        0x0 c:/winavr-20100110/bin/../lib/gcc/avr/4.3.3/avr5\libgcc.a(_copy_data.o)
 .bss           0x00800062        0x0 c:/winavr-20100110/bin/../lib/gcc/avr/4.3.3/avr5\libgcc.a(_clear_bss.o)
 *(.bss*)
 .bss.no_of_overflows
                0x00800062        0x1 ./MCAL/Timer_Driver/Timer.o
                0x00800062                no_of_overflows
 *(COMMON)
 COMMON         0x00800063        0x1 ./APP/app.o
                0x00800063                prev_led
                0x00800064                PROVIDE (__bss_end, .)
                0x00000d72                __data_load_start = LOADADDR (.data)
                0x00000d74                __data_load_end = (__data_load_start + SIZEOF (.data))

.noinit         0x00800064        0x0
                0x00800064                PROVIDE (__noinit_start, .)
 *(.noinit*)
                0x00800064                PROVIDE (__noinit_end, .)
                0x00800064                _end = .
                0x00800064                PROVIDE (__heap_start, .)

.eeprom         0x00810000        0x0
 *(.eeprom*)
                0x00810000                __eeprom_end = .

.fuse
 *(.fuse)
 *(.lfuse)
 *(.hfuse)
 *(.efuse)

.lock
 *(.lock*)

.signature
 *(.signature*)

.stab           0x00000000     0x1c2c
 *(.stab)
 .stab          0x00000000      0x4d4 ./MCAL/Timer_Driver/Timer.o
 .stab          0x000004d4      0x15c ./MCAL/Interrupt_Driver/Interrupt.o
                                0x318 (size before relaxing)
 .stab          0x00000630      0x57c ./MCAL/GPIO_Driver/gpio.o
                                0x738 (size before relaxing)
 .stab          0x00000bac      0x36c ./ECUAL/Led_Driver/Led.o
                                0x378 (size before relaxing)
 .stab          0x00000f18      0x30c ./ECUAL/Button_driver/button.o
                                0x318 (size before relaxing)
 .stab          0x00001224      0x8dc ./APP/app.o
                                0xa98 (size before relaxing)
 .stab          0x00001b00      0x12c ./main.o
                                0x1e0 (size before relaxing)

.stabstr        0x00000000      0xd4c
 *(.stabstr)
 .stabstr       0x00000000      0xd4c ./MCAL/Timer_Driver/Timer.o

.stab.excl
 *(.stab.excl)

.stab.exclstr
 *(.stab.exclstr)

.stab.index
 *(.stab.index)

.stab.indexstr
 *(.stab.indexstr)

.comment
 *(.comment)

.debug
 *(.debug)

.line
 *(.line)

.debug_srcinfo
 *(.debug_srcinfo)

.debug_sfnames
 *(.debug_sfnames)

.debug_aranges
 *(.debug_aranges)

.debug_pubnames
 *(.debug_pubnames)

.debug_info
 *(.debug_info)
 *(.gnu.linkonce.wi.*)

.debug_abbrev
 *(.debug_abbrev)

.debug_line
 *(.debug_line)

.debug_frame
 *(.debug_frame)

.debug_str
 *(.debug_str)

.debug_loc
 *(.debug_loc)

.debug_macinfo
 *(.debug_macinfo)
OUTPUT(Traffic_Light_Control.elf elf32-avr)
LOAD linker stubs
